// Jest Snapshot v1, https://goo.gl/fbAQLP

exports[`Component: Dropdown renders properly 1`] = `
<div>
  <span
    className=""
  >
    <span
      className=""
    >
      
    </span>
    <select
      disabled={false}
      id={undefined}
      onChange={[Function]}
      onKeyPress={undefined}
      style={
        Object {
          "height": "45px",
          "width": "100%",
        }
      }
      value={undefined}
    >
      <option
        value=""
      >
        <span>
          Select from the list
        </span>
      </option>
    </select>
  </span>
  
</div>
`;
